<html>
<body>
<pre>
<h1>µVision Build Log</h1>
<h2>Project:</h2>
E:\v23be2p14\c\ARM kiel\i2c\i2cp.uvproj
Project File Date:  01/24/2024

<h2>Output:</h2>
Build target 'Target 1'
compiling i2cdriver.c...
compiling lcd4bitdriver.c...
..\adc-temp\lcd4bitdriver.c(148): warning:  #1-D: last line of file ends without a newline
compiling uart0.c...
..\adc-temp\uart0.c(73): warning:  #223-D: function "sprintf1" declared implicitly
compiling main.c...
compiling timer0driver.c...
compiling printingFunc.c...
compiling externalinterrupt.c...
compiling setting.c...
setting.c(31): warning:  #223-D: function "hourSetting" declared implicitly
setting.c(32): warning:  #223-D: function "AmPmSetting" declared implicitly
setting.c(33): warning:  #223-D: function "minSetting" declared implicitly
setting.c(34): warning:  #223-D: function "dateSetting" declared implicitly
setting.c(35): warning:  #223-D: function "monthSetting" declared implicitly
setting.c(36): warning:  #223-D: function "yearSetting" declared implicitly
setting.c(43): error:  #159: declaration is incompatible with previous "hourSetting" (declared at line 31)
setting.c(85): error:  #159: declaration is incompatible with previous "AmPmSetting" (declared at line 32)
setting.c(90): error:  #159: declaration is incompatible with previous "minSetting" (declared at line 33)
setting.c(95): error:  #159: declaration is incompatible with previous "dateSetting" (declared at line 34)
setting.c(100): error:  #159: declaration is incompatible with previous "monthSetting" (declared at line 35)
setting.c(104): error:  #159: declaration is incompatible with previous "yearSetting" (declared at line 36)
Target not created
Build target 'Target 1'
compiling i2cdriver.c...
header.h(63): warning:  #1-D: last line of file ends without a newline
compiling main.c...
header.h(63): warning:  #1-D: last line of file ends without a newline
compiling printingFunc.c...
header.h(63): warning:  #1-D: last line of file ends without a newline
compiling externalinterrupt.c...
header.h(63): warning:  #1-D: last line of file ends without a newline
compiling setting.c...
header.h(63): warning:  #1-D: last line of file ends without a newline
setting.c(108): warning:  #1-D: last line of file ends without a newline
linking...
Program Size: Code=7196 RO-data=100 RW-data=8 ZI-data=1256  
FromELF: creating hex file...
"i2cp.axf" - 0 Error(s), 6 Warning(s).
Build target 'Target 1'
compiling i2cdriver.c...
compiling main.c...
compiling printingFunc.c...
compiling externalinterrupt.c...
compiling setting.c...
setting.c(108): warning:  #1-D: last line of file ends without a newline
linking...
Program Size: Code=7196 RO-data=100 RW-data=8 ZI-data=1256  
FromELF: creating hex file...
"i2cp.axf" - 0 Error(s), 1 Warning(s).
Build target 'Target 1'
compiling setting.c...
linking...
Program Size: Code=7196 RO-data=100 RW-data=8 ZI-data=1256  
FromELF: creating hex file...
"i2cp.axf" - 0 Error(s), 0 Warning(s).
Build target 'Target 1'
linking...
Program Size: Code=7196 RO-data=100 RW-data=8 ZI-data=1256  
FromELF: creating hex file...
"i2cproject.axf" - 0 Error(s), 0 Warning(s).
Build target 'Target 1'
compiling main.c...
linking...
Program Size: Code=7244 RO-data=100 RW-data=8 ZI-data=1256  
FromELF: creating hex file...
"i2cproject.axf" - 0 Error(s), 0 Warning(s).
Build target 'Target 1'
compiling lcd4bitdriver.c...
..\adc-temp\lcd4bitdriver.c(149): warning:  #1-D: last line of file ends without a newline
compiling main.c...
main.c(9): warning:  #177-D: variable "t1" was declared but never referenced
main.c(12): warning:  #177-D: variable "d1" was declared but never referenced
compiling printingFunc.c...
linking...
Program Size: Code=7428 RO-data=100 RW-data=8 ZI-data=1256  
FromELF: creating hex file...
"i2cproject.axf" - 0 Error(s), 3 Warning(s).
Build target 'Target 1'
compiling lcd4bitdriver.c...
linking...
Program Size: Code=7428 RO-data=100 RW-data=8 ZI-data=1256  
FromELF: creating hex file...
"i2cproject.axf" - 0 Error(s), 0 Warning(s).
Build target 'Target 1'
compiling main.c...
main.c(20): warning:  #223-D: function "configVicExt" declared implicitly
main.c(21): warning:  #223-D: function "enableExtIntr" declared implicitly
main.c(9): warning:  #177-D: variable "t1" was declared but never referenced
main.c(12): warning:  #177-D: variable "d1" was declared but never referenced
compiling printingFunc.c...
linking...
Program Size: Code=8104 RO-data=100 RW-data=12 ZI-data=1260  
FromELF: creating hex file...
"i2cproject.axf" - 0 Error(s), 4 Warning(s).
Build target 'Target 1'
compiling i2cdriver.c...
compiling main.c...
main.c(9): warning:  #177-D: variable "t1" was declared but never referenced
main.c(12): warning:  #177-D: variable "d1" was declared but never referenced
compiling printingFunc.c...
compiling externalinterrupt.c...
compiling setting.c...
linking...
Program Size: Code=8104 RO-data=100 RW-data=12 ZI-data=1260  
FromELF: creating hex file...
"i2cproject.axf" - 0 Error(s), 2 Warning(s).
Build target 'Target 1'
compiling setting.c...
setting.c(16): warning:  #177-D: variable "i" was declared but never referenced
setting.c(16): warning:  #177-D: variable "j" was declared but never referenced
linking...
Program Size: Code=8060 RO-data=100 RW-data=12 ZI-data=1260  
FromELF: creating hex file...
"i2cproject.axf" - 0 Error(s), 2 Warning(s).
Build target 'Target 1'
compiling setting.c...
linking...
Program Size: Code=8060 RO-data=100 RW-data=12 ZI-data=1260  
FromELF: creating hex file...
"i2cproject.axf" - 0 Error(s), 0 Warning(s).
Build target 'Target 1'
compiling setting.c...
linking...
Program Size: Code=8068 RO-data=100 RW-data=12 ZI-data=1260  
FromELF: creating hex file...
"i2cproject.axf" - 0 Error(s), 0 Warning(s).
Build target 'Target 1'
linking...
Program Size: Code=8068 RO-data=100 RW-data=12 ZI-data=1260  
FromELF: creating hex file...
"i2cproject.axf" - 0 Error(s), 0 Warning(s).
Build target 'Target 1'
compiling setting.c...
linking...
Program Size: Code=8212 RO-data=100 RW-data=12 ZI-data=1260  
FromELF: creating hex file...
"i2cproject.axf" - 0 Error(s), 0 Warning(s).
